[     111ms] [INFO] %cDownload the React DevTools for a better development experience: https://react.dev/link/react-devtools font-weight:bold @ http://localhost:5174/node_modules/.vite/deps/react-dom_client.js?v=5b70aa21:14337
[  516235ms] [ERROR] You are calling ReactDOMClient.createRoot() on a container that has already been passed to createRoot() before. Instead, call root.render() on the existing root instead if you want to update it. @ http://localhost:5174/node_modules/.vite/deps/react-dom_client.js?v=5b70aa21:11668
[  516495ms] NotFoundError: Failed to execute 'removeChild' on 'Node': The node to be removed is not a child of this node.
    at removeChildFromContainer (http://localhost:5174/node_modules/.vite/deps/react-dom_client.js?v=5b70aa21:10588:123)
    at runWithFiberInDEV (http://localhost:5174/node_modules/.vite/deps/react-dom_client.js?v=5b70aa21:851:66)
    at commitDeletionEffectsOnFiber (http://localhost:5174/node_modules/.vite/deps/react-dom_client.js?v=5b70aa21:7106:7)
    at recursivelyTraverseDeletionEffects (http://localhost:5174/node_modules/.vite/deps/react-dom_client.js?v=5b70aa21:7073:50)
    at commitDeletionEffectsOnFiber (http://localhost:5174/node_modules/.vite/deps/react-dom_client.js?v=5b70aa21:7134:6)
    at recursivelyTraverseDeletionEffects (http://localhost:5174/node_modules/.vite/deps/react-dom_client.js?v=5b70aa21:7073:50)
    at commitDeletionEffectsOnFiber (http://localhost:5174/node_modules/.vite/deps/react-dom_client.js?v=5b70aa21:7148:14)
    at recursivelyTraverseDeletionEffects (http://localhost:5174/node_modules/.vite/deps/react-dom_client.js?v=5b70aa21:7073:50)
    at commitDeletionEffectsOnFiber (http://localhost:5174/node_modules/.vite/deps/react-dom_client.js?v=5b70aa21:7134:6)
    at recursivelyTraverseDeletionEffects (http://localhost:5174/node_modules/.vite/deps/react-dom_client.js?v=5b70aa21:7073:50)
[  516494ms] [WARNING] %s

%s
 An error occurred in the <style> component. Consider adding an error boundary to your tree to customize error handling behavior.
Visit https://react.dev/link/error-boundaries to learn more about error boundaries. @ http://localhost:5174/node_modules/.vite/deps/react-dom_client.js?v=5b70aa21:5257
[  516499ms] NotFoundError: Failed to execute 'removeChild' on 'Node': The node to be removed is not a child of this node.
    at removeChildFromContainer (http://localhost:5174/node_modules/.vite/deps/react-dom_client.js?v=5b70aa21:10588:123)
    at runWithFiberInDEV (http://localhost:5174/node_modules/.vite/deps/react-dom_client.js?v=5b70aa21:851:66)
    at commitDeletionEffectsOnFiber (http://localhost:5174/node_modules/.vite/deps/react-dom_client.js?v=5b70aa21:7106:7)
    at recursivelyTraverseDeletionEffects (http://localhost:5174/node_modules/.vite/deps/react-dom_client.js?v=5b70aa21:7073:50)
    at commitDeletionEffectsOnFiber (http://localhost:5174/node_modules/.vite/deps/react-dom_client.js?v=5b70aa21:7134:6)
    at recursivelyTraverseDeletionEffects (http://localhost:5174/node_modules/.vite/deps/react-dom_client.js?v=5b70aa21:7073:50)
    at commitDeletionEffectsOnFiber (http://localhost:5174/node_modules/.vite/deps/react-dom_client.js?v=5b70aa21:7148:14)
    at recursivelyTraverseDeletionEffects (http://localhost:5174/node_modules/.vite/deps/react-dom_client.js?v=5b70aa21:7073:50)
    at commitDeletionEffectsOnFiber (http://localhost:5174/node_modules/.vite/deps/react-dom_client.js?v=5b70aa21:7134:6)
    at recursivelyTraverseDeletionEffects (http://localhost:5174/node_modules/.vite/deps/react-dom_client.js?v=5b70aa21:7073:50)
[  516495ms] [WARNING] %s

%s
 An error occurred in the <style> component. Consider adding an error boundary to your tree to customize error handling behavior.
Visit https://react.dev/link/error-boundaries to learn more about error boundaries. @ http://localhost:5174/node_modules/.vite/deps/react-dom_client.js?v=5b70aa21:5257
[  516502ms] NotFoundError: Failed to execute 'removeChild' on 'Node': The node to be removed is not a child of this node.
    at removeChildFromContainer (http://localhost:5174/node_modules/.vite/deps/react-dom_client.js?v=5b70aa21:10588:123)
    at runWithFiberInDEV (http://localhost:5174/node_modules/.vite/deps/react-dom_client.js?v=5b70aa21:851:66)
    at commitDeletionEffectsOnFiber (http://localhost:5174/node_modules/.vite/deps/react-dom_client.js?v=5b70aa21:7106:7)
    at recursivelyTraverseDeletionEffects (http://localhost:5174/node_modules/.vite/deps/react-dom_client.js?v=5b70aa21:7073:50)
    at commitDeletionEffectsOnFiber (http://localhost:5174/node_modules/.vite/deps/react-dom_client.js?v=5b70aa21:7134:6)
    at recursivelyTraverseDeletionEffects (http://localhost:5174/node_modules/.vite/deps/react-dom_client.js?v=5b70aa21:7073:50)
    at commitDeletionEffectsOnFiber (http://localhost:5174/node_modules/.vite/deps/react-dom_client.js?v=5b70aa21:7134:6)
    at recursivelyTraverseDeletionEffects (http://localhost:5174/node_modules/.vite/deps/react-dom_client.js?v=5b70aa21:7073:50)
    at commitDeletionEffectsOnFiber (http://localhost:5174/node_modules/.vite/deps/react-dom_client.js?v=5b70aa21:7134:6)
    at recursivelyTraverseDeletionEffects (http://localhost:5174/node_modules/.vite/deps/react-dom_client.js?v=5b70aa21:7073:50)
[  516497ms] [WARNING] %s

%s
 An error occurred in the <div> component. Consider adding an error boundary to your tree to customize error handling behavior.
Visit https://react.dev/link/error-boundaries to learn more about error boundaries. @ http://localhost:5174/node_modules/.vite/deps/react-dom_client.js?v=5b70aa21:5257
[  516852ms] [INFO] %cDownload the React DevTools for a better development experience: https://react.dev/link/react-devtools font-weight:bold @ http://localhost:5174/node_modules/.vite/deps/react-dom_client.js?v=5b70aa21:14337
